## (b) tightened: manual dial then bracketed stage captures
  PASS click KEL: hit-test at (137,278)
  PASS KEL locked as waypoint 1
  PASS click THR: hit-test at (332,278)
  PASS THR locked as waypoint 2
  PASS click DUSK: hit-test at (137,372)
  PASS DUSK locked as waypoint 3
  PASS click LANT: hit-test at (332,372)
  PASS LANT locked as waypoint 4
  PASS click MIDN: hit-test at (332,465)
  PASS MIDN locked as waypoint 5
  PASS click CALD: hit-test at (137,558)
  PASS CALD locked as waypoint 6
  PASS click VENT: hit-test at (332,558)
  PASS VENT locked as waypoint 7
  PASS pending after 7th lock (no auto-fire) — pending
  PASS still pending 1.5 s later — pending
  PASS COMMENCE FINAL DESCENT: hit-test at (883,970)
  INFO page-clock phase starts: buildup 22690, breakthrough 24897 (+2207 ms), active 25802 (+905 ms)
  INFO shot1 window [911..1382] ms after buildup start; shot2 window [4..632] ms after breakthrough start (stage length 905 ms); shot3 window [1513..1994] ms after active start
  PASS shot 1 captured entirely inside BUILDUP window
  INFO sphere-rim ring samples (72 pts): buildup white=0 % meanR=28; breakthrough white=96 % meanR=237; active white=0 % meanR=101
  PASS shot 2 image content shows the BREAKTHROUGH-only white rim ring — 96 % of rim samples near-white
  PASS buildup and active shots do NOT show the white rim ring — 0 % / 0 %
  PASS shot 2 capture call began inside the BREAKTHROUGH window — began +4 ms, returned +632 ms, stage 905 ms
  PASS shot 3 captured after ACTIVE began
  INFO pixel diff fractions: buildup/breakthrough 49.7 %, breakthrough/active 33.5 %, buildup/active 28.8 %
  INFO frame luminance buildup/breakthrough/active = 27.8/54.1/40.5; sphere region = 11.9/101.3/77.6
  PASS all three bracketed stage shots differ by >5 % of sampled pixels
  INFO final helm text: ACTIVE · RING HOLD 2 710 m / RING HOLD ACTIVE
  PASS no console/page errors — none

## RESULT (stages re-capture): 24 passed, 0 failed
